// Jest Snapshot v1, https://goo.gl/fbAQLP

exports[`<Menubar/> should match the snapshot 1`] = `
<div>
  <div
    class="css-m69qwo-MuiStack-root"
    data-testid="menubar"
  >
    <li
      class="MuiMenuItem-root MuiMenuItem-gutters MuiButtonBase-root css-kk1bwy-MuiButtonBase-root-MuiMenuItem-root"
      role="menuitem"
      tabindex="-1"
    >
      Home
      <span
        class="MuiTouchRipple-root css-8je8zh-MuiTouchRipple-root"
      />
    </li>
    <li
      class="MuiMenuItem-root MuiMenuItem-gutters MuiButtonBase-root css-kk1bwy-MuiButtonBase-root-MuiMenuItem-root"
      role="menuitem"
      tabindex="-1"
    >
      Profile
      <span
        class="MuiTouchRipple-root css-8je8zh-MuiTouchRipple-root"
      />
    </li>
  </div>
</div>
`;
